<html>
<body>
<pre>
<h1>µVision Build Log</h1>
<h2>Tool Versions:</h2>
IDE-Version: µVision V5.29.0.0
Copyright (C) 2019 ARM Ltd and ARM Germany GmbH. All rights reserved.
License Information: abc def, ghj, LIC=D0D7S-LLJ66-TGT7T-RL8KZ-84HUC-R4SJ6
 
Tool Versions:
Toolchain:       MDK-ARM Plus  Version: 5.29.0.0
Toolchain Path:  C:\Keil_v5\ARM\ARMCC\Bin
C Compiler:      Armcc.exe V5.06 update 6 (build 750)
Assembler:       Armasm.exe V5.06 update 6 (build 750)
Linker/Locator:  ArmLink.exe V5.06 update 6 (build 750)
Library Manager: ArmAr.exe V5.06 update 6 (build 750)
Hex Converter:   FromElf.exe V5.06 update 6 (build 750)
CPU DLL:         SARMCM3.DLL V5.29.0.0
Dialog DLL:      DCM.DLL V1.17.3.0
Target DLL:      STLink\ST-LINKIII-KEIL_SWO.dll V3.0.7.0
Dialog DLL:      TCM.DLL V1.36.5.0
 
<h2>Project:</h2>
D:\STM32lib\stm32f407vg\line_follower_trial\MDK-ARM\line_follower_trial.uvprojx
Project File Date:  01/09/2021

<h2>Output:</h2>
*** Using Compiler 'V5.06 update 6 (build 750)', folder: 'C:\Keil_v5\ARM\ARMCC\Bin'
Build target 'line_follower_trial'
compiling main.c...
../Core/Src/main.c(96): warning:  #1295-D: Deprecated declaration MeanSquareError - give arg types
  int MeanSquareError();
../Core/Src/main.c(99): warning:  #1295-D: Deprecated declaration stop - give arg types
  void stop();
../Core/Src/main.c(213): warning:  #940-D: missing return statement at end of non-void function "MaxAndMin" 
  }
../Core/Src/main.c(235): warning:  #940-D: missing return statement at end of non-void function "getValue" 
  	}	
../Core/Src/main.c(326): warning:  #111-D: statement is unreachable
  		return SensorError;
../Core/Src/main.c: 5 warnings, 0 errors
linking...
Program Size: Code=5932 RO-data=440 RW-data=136 ZI-data=1152  
FromELF: creating hex file...
"line_follower_trial\line_follower_trial.axf" - 0 Error(s), 5 Warning(s).

<h2>Software Packages used:</h2>

Package Vendor: ARM
                http://www.keil.com/pack/ARM.CMSIS.5.7.0.pack
                ARM.CMSIS.5.7.0
                CMSIS (Cortex Microcontroller Software Interface Standard)
   * Component: CORE Version: 5.4.0

Package Vendor: Keil
                http://www.keil.com/pack/Keil.STM32F4xx_DFP.2.15.0.pack
                Keil.STM32F4xx_DFP.2.15.0
                STMicroelectronics STM32F4 Series Device Support, Drivers and Examples

<h2>Collection of Component include folders:</h2>
  .\RTE\_line_follower_trial
  C:\Users\hmk44\AppData\Local\Arm\Packs\ARM\CMSIS\5.7.0\CMSIS\Core\Include
  C:\Users\hmk44\AppData\Local\Arm\Packs\Keil\STM32F4xx_DFP\2.15.0\Drivers\CMSIS\Device\ST\STM32F4xx\Include

<h2>Collection of Component Files used:</h2>

   * Component: ARM::CMSIS:CORE:5.4.0
      Include file:  CMSIS\Core\Include\tz_context.h
Build Time Elapsed:  00:00:02
</pre>
</body>
</html>
